// Jest Snapshot v1, https://goo.gl/fbAQLP

exports[`<ButtonWrapper /> On rendering should render properly 1`] = `
<div>
  <Button
    block={false}
    ghost={false}
    htmlType="button"
    loading={false}
    type="primary"
  >
    <Icon
      type="book"
    />
    Save
  </Button>
</div>
`;
