// Jest Snapshot v1, https://goo.gl/fbAQLP

exports[`<Routes /> should render properly 1`] = `
<Switch>
  <Route
    component={[Function]}
    exact={true}
    path="/"
  />
  <Route
    component={[Function]}
  />
</Switch>
`;
