// Jest Snapshot v1, https://goo.gl/fbAQLP

exports[`<Wrapper /> should renders properly 1`] = `
<div
  className="wrapper"
/>
`;
