// Jest Snapshot v1, https://goo.gl/fbAQLP

exports[`<Content /> should renders properly 1`] = `
<Adapter
  className="content"
/>
`;
