// Jest Snapshot v1, https://goo.gl/fbAQLP

exports[`<Main /> On rendering should renders properly 1`] = `
<Adapter
  style={
    Object {
      "minHeight": "100vh",
    }
  }
>
  <SideBar
    collapsed={false}
    toggle={[Function]}
  />
  <Adapter>
    <Connect(Header)
      collapsed={false}
      toggle={[Function]}
    />
    <ActionBar />
    <Content>
      <Wrapper>
        <Routes />
      </Wrapper>
    </Content>
    <span
      className="copyright"
    >
      Copyright Â© 2018 VistaJet
    </span>
  </Adapter>
</Adapter>
`;
